// Jest Snapshot v1, https://goo.gl/fbAQLP

exports[`layout network works matches snapshot 1`] = `
[
  {
    "x": 492.9063198198883,
    "y": 780.749706000099,
  },
  {
    "x": 666.6256951316864,
    "y": 57.45840500083628,
  },
  {
    "x": 628.139532214079,
    "y": 162.82056745371594,
  },
  {
    "x": 683.4729803846775,
    "y": 224.28539547424114,
  },
  {
    "x": 362.4575873569288,
    "y": 943.1767994902739,
  },
  {
    "x": 256.9024930537391,
    "y": 238.65632815647186,
  },
  {
    "x": 236.93091535605686,
    "y": 892.8923357298798,
  },
  {
    "x": 926.4672229238367,
    "y": 154.57104555716938,
  },
]
`;
