// Jest Snapshot v1, https://goo.gl/fbAQLP

exports[`Query String Builder matches snapshot 1`] = `
"SELECT ?item ?subItem
    WHERE {
      ?item wdt:P31/wdt:P279* wd:Q12345 .
      ?item wdt:P123 ?subItem .
    }"
`;
